jang@ubuntu:~$ ssh -p 2220 bandit21@bandit.labs.overthewire.orh
ssh: Could not resolve hostname bandit.labs.overthewire.orh: Name or service not known
jang@ubuntu:~$ ssh -p 2220 bandit21@bandit.labs.overthewire.org
This is a OverTheWire game server. More information on http://www.overthewire.org/wargames

bandit21@bandit.labs.overthewire.org's password: 
Linux bandit.otw.local 5.4.8 x86_64 GNU/Linux

      ,----..            ,----,          .---.
     /   /   \         ,/   .`|         /. ./|
    /   .     :      ,`   .'  :     .--'.  ' ;
   .   /   ;.  \   ;    ;     /    /__./ \ : |
  .   ;   /  ` ; .'___,/    ,' .--'.  '   \' .
  ;   |  ; \ ; | |    :     | /___/ \ |    ' '
  |   :  | ; | ' ;    |.';  ; ;   \  \;      :
  .   |  ' ' ' : `----'  |  |  \   ;  `      |
  '   ;  \; /  |     '   :  ;   .   \    .\  ;
   \   \  ',  /      |   |  '    \   \   ' \ |
    ;   :    /       '   :  |     :   '  |--"
     \   \ .'        ;   |.'       \   \ ;
  www. `---` ver     '---' he       '---" ire.org


Welcome to OverTheWire!

If you find any problems, please report them to Steven or morla on
irc.overthewire.org.

--[ Playing the games ]--

  This machine might hold several wargames.
  If you are playing "somegame", then:

    * USERNAMES are somegame0, somegame1, ...
    * Most LEVELS are stored in /somegame/.
    * PASSWORDS for each level are stored in /etc/somegame_pass/.

  Write-access to homedirectories is disabled. It is advised to create a
  working directory with a hard-to-guess name in /tmp/.  You can use the
  command "mktemp -d" in order to generate a random and hard to guess
  directory in /tmp/.  Read-access to both /tmp/ and /proc/ is disabled
  so that users can not snoop on eachother. Files and directories with
  easily guessable or short names will be periodically deleted!

  Please play nice:

    * don't leave orphan processes running
    * don't leave exploit-files laying around
    * don't annoy other players
    * don't post passwords or spoilers
    * again, DONT POST SPOILERS!
      This includes writeups of your solution on your blog or website!

--[ Tips ]--

  This machine has a 64bit processor and many security-features enabled
  by default, although ASLR has been switched off.  The following
  compiler flags might be interesting:

    -m32                    compile for 32bit
    -fno-stack-protector    disable ProPolice
    -Wl,-z,norelro          disable relro

  In addition, the execstack tool can be used to flag the stack as
  executable on ELF binaries.

  Finally, network-access is limited for most levels by a local
  firewall.

--[ Tools ]--

 For your convenience we have installed a few usefull tools which you can find
 in the following locations:

    * gef (https://github.com/hugsy/gef) in /usr/local/gef/
    * pwndbg (https://github.com/pwndbg/pwndbg) in /usr/local/pwndbg/
    * peda (https://github.com/longld/peda.git) in /usr/local/peda/
    * gdbinit (https://github.com/gdbinit/Gdbinit) in /usr/local/gdbinit/
    * pwntools (https://github.com/Gallopsled/pwntools)
    * radare2 (http://www.radare.org/)
    * checksec.sh (http://www.trapkit.de/tools/checksec.html) in /usr/local/bin/checksec.sh

--[ More information ]--

  For more information regarding individual wargames, visit
  http://www.overthewire.org/wargames/

  For support, questions or comments, contact us through IRC on
  irc.overthewire.org #wargames.

  Enjoy your stay!

bandit21@bandit:~$ ls -al
total 24
drwxr-xr-x  2 root     root     4096 May  7  2020 .
drwxr-xr-x 41 root     root     4096 May  7  2020 ..
-rw-r--r--  1 root     root      220 May 15  2017 .bash_logout
-rw-r--r--  1 root     root     3526 May 15  2017 .bashrc
-r--------  1 bandit21 bandit21   33 May  7  2020 .prevpass
-rw-r--r--  1 root     root      675 May 15  2017 .profile
bandit21@bandit:~$ cd /et
-bash: cd: /et: No such file or directory
bandit21@bandit:~$ cd /etc
bandit21@bandit:/etc$ ls -a
.                       identd.key       profile
..                      inetd.conf       profile.d
adduser.conf            inetd.d          protocols
adjtime                 .info24.txt      .pwd.lock
alternatives            init             python
apache2                 init.d           python2.7
apm                     initramfs-tools  python3
apparmor                inittab          python3.5
apparmor.d              inputrc          rc0.d
apt                     insserv          rc1.d
bandit_pass             insserv.conf     rc2.d
bash.bashrc             insserv.conf.d   rc3.d
bash_completion         iproute2         rc4.d
bash_completion.d       issue            rc5.d
bindresvport.blacklist  issue.net        rc6.d
ca-certificates         kernel           rc.local
ca-certificates.conf    kernel-img.conf  rcS.d
calendar                ldap             reportbug.conf
ConsoleKit              ld.so.cache      resolv.conf
console-setup           ld.so.conf       rmt
cron.d                  ld.so.conf.d     rpc
cron.daily              libaudit.conf    rsyslog.conf
cron.hourly             lighttpd         rsyslog.d
cron.monthly            locale.alias     screenrc
crontab                 locale.gen       securetty
cron.weekly             localtime        security
dbus-1                  logcheck         selinux
debconf.conf            login.defs       services
debian_version          logrotate.conf   sgml
default                 logrotate.d      shadow
deluser.conf            ltrace.conf      shadow-
devuan_version          lvm              shells
dhcp                    magic            skel
dictionaries-common     magic.mime       ssh
discover.conf.d         mailcap          ssl
discover-modprobe.conf  mailcap.order    staff-group-for-usr-local
dpkg                    manpath.config   subgid
elogind                 mime.types       subgid-
emacs                   mke2fs.conf      subuid
environment             modprobe.d       subuid-
firewall                modules          sudoers
fstab                   motd             sudoers.d
gai.conf                mtab             supervisor
gdb                     nanorc           sysctl.conf
groff                   network          sysctl.d
group                   NetworkManager   systemd
group-                  networks         terminfo
grub.d                  newt             timezone
gshadow                 nsswitch.conf    tmpfiles.d
gshadow-                ntp.conf         ucf.conf
gss                     opt              udev
hdparm.conf             os-release       ufw
host.conf               pam.conf         update-motd.d
hostname                pam.d            vim
hosts                   passwd           wgetrc
hosts.allow             passwd-          X11
hosts.deny              perl             xdg
identd.conf             polkit-1         xml
bandit21@bandit:/etc$ cd /cron.d
-bash: cd: /cron.d: No such file or directory
bandit21@bandit:/etc$ file cron.d
cron.d: directory
bandit21@bandit:/etc$ cd cron.d
bandit21@bandit:/etc/cron.d$ ls
cronjob_bandit15_root  cronjob_bandit22  cronjob_bandit24
cronjob_bandit17_root  cronjob_bandit23  cronjob_bandit25_root
bandit21@bandit:/etc/cron.d$ file cronjob_bandit22
cronjob_bandit22: ASCII text
bandit21@bandit:/etc/cron.d$ cat cronjob_banidt22
cat: cronjob_banidt22: No such file or directory
bandit21@bandit:/etc/cron.d$ cat cronjob_bandit22
@reboot bandit22 /usr/bin/cronjob_bandit22.sh &> /dev/null
* * * * * bandit22 /usr/bin/cronjob_bandit22.sh &> /dev/null
bandit21@bandit:/etc/cron.d$ cat /usr/bincronjob_bandit22.sh
cat: /usr/bincronjob_bandit22.sh: No such file or directory
bandit21@bandit:/etc/cron.d$ cat /usr/bin/cronjob_banidt22.sh
cat: /usr/bin/cronjob_banidt22.sh: No such file or directory
bandit21@bandit:/etc/cron.d$ cat /usr/bin/cronjob_bandit22.sh
#!/bin/bash
chmod 644 /tmp/t7O6lds9S0RqQh9aMcz6ShpAoZKF7fgv
cat /etc/bandit_pass/bandit22 > /tmp/t7O6lds9S0RqQh9aMcz6ShpAoZKF7fgv
bandit21@bandit:/etc/cron.d$ cat /tmp/t706lds9S0RqQh9aMcz6ShpAoZKF7fgv
cat: /tmp/t706lds9S0RqQh9aMcz6ShpAoZKF7fgv: No such file or directory
bandit21@bandit:/etc/cron.d$ cat /tmp/t7O6lds9S0RqQh9aMcz6ShpAoZKF7fgv
Yk7owGAcWjwMVRwrTesJEwB7WVOiILLI
bandit21@bandit:/etc/cron.d$ 
